[INFO] Scanning for projects...
[INFO] 
[INFO] ------------------< com.ecommerce:e-commerce-backend >------------------
[INFO] Building e-commerce-backend 0.0.1-SNAPSHOT
[INFO]   from pom.xml
[INFO] --------------------------------[ jar ]---------------------------------
[INFO] 
[INFO] --- resources:3.3.1:resources (default-resources) @ e-commerce-backend ---
[INFO] Copying 3 resources from src\main\resources to target\classes
[INFO] Copying 1 resource from src\main\resources to target\classes
[INFO] 
[INFO] --- compiler:3.11.0:compile (default-compile) @ e-commerce-backend ---
[INFO] Changes detected - recompiling the module! :source
[INFO] Compiling 207 source files with javac [debug release 17] to target\classes
[INFO] -------------------------------------------------------------
[ERROR] COMPILATION ERROR : 
[INFO] -------------------------------------------------------------
[ERROR] /C:/Users/ADMIN/Documents/GitHub/e_commerce_mini/e-commerce-backend/src/main/java/com/ecommerce/controller/NotificationController.java:[3,1] class, interface, enum, or record expected
[ERROR] /C:/Users/ADMIN/Documents/GitHub/e_commerce_mini/e-commerce-backend/src/main/java/com/ecommerce/controller/NotificationController.java:[44,1] illegal start of type
[ERROR] /C:/Users/ADMIN/Documents/GitHub/e_commerce_mini/e-commerce-backend/src/main/java/com/ecommerce/controller/NotificationController.java:[46,1] illegal start of type
[ERROR] /C:/Users/ADMIN/Documents/GitHub/e_commerce_mini/e-commerce-backend/src/main/java/com/ecommerce/controller/NotificationController.java:[46,16] <identifier> expected
[ERROR] /C:/Users/ADMIN/Documents/GitHub/e_commerce_mini/e-commerce-backend/src/main/java/com/ecommerce/controller/NotificationController.java:[46,21] <identifier> expected
[ERROR] /C:/Users/ADMIN/Documents/GitHub/e_commerce_mini/e-commerce-backend/src/main/java/com/ecommerce/controller/NotificationController.java:[46,30] <identifier> expected
[ERROR] /C:/Users/ADMIN/Documents/GitHub/e_commerce_mini/e-commerce-backend/src/main/java/com/ecommerce/controller/NotificationController.java:[46,41] <identifier> expected
[ERROR] /C:/Users/ADMIN/Documents/GitHub/e_commerce_mini/e-commerce-backend/src/main/java/com/ecommerce/controller/NotificationController.java:[47,2] reached end of file while parsing
[ERROR] /C:/Users/ADMIN/Documents/GitHub/e_commerce_mini/e-commerce-backend/src/main/java/com/ecommerce/service/NotificationService.java:[3,1] class, interface, enum, or record expected
[ERROR] /C:/Users/ADMIN/Documents/GitHub/e_commerce_mini/e-commerce-backend/src/main/java/com/ecommerce/service/NotificationService.java:[77,1] illegal start of type
[ERROR] /C:/Users/ADMIN/Documents/GitHub/e_commerce_mini/e-commerce-backend/src/main/java/com/ecommerce/service/NotificationService.java:[79,1] illegal start of type
[ERROR] /C:/Users/ADMIN/Documents/GitHub/e_commerce_mini/e-commerce-backend/src/main/java/com/ecommerce/service/NotificationService.java:[79,16] <identifier> expected
[ERROR] /C:/Users/ADMIN/Documents/GitHub/e_commerce_mini/e-commerce-backend/src/main/java/com/ecommerce/service/NotificationService.java:[79,21] <identifier> expected
[ERROR] /C:/Users/ADMIN/Documents/GitHub/e_commerce_mini/e-commerce-backend/src/main/java/com/ecommerce/service/NotificationService.java:[79,30] <identifier> expected
[ERROR] /C:/Users/ADMIN/Documents/GitHub/e_commerce_mini/e-commerce-backend/src/main/java/com/ecommerce/service/NotificationService.java:[79,41] <identifier> expected
[ERROR] /C:/Users/ADMIN/Documents/GitHub/e_commerce_mini/e-commerce-backend/src/main/java/com/ecommerce/service/NotificationService.java:[80,1] = expected
[ERROR] /C:/Users/ADMIN/Documents/GitHub/e_commerce_mini/e-commerce-backend/src/main/java/com/ecommerce/service/NotificationService.java:[80,2] reached end of file while parsing
[ERROR] /C:/Users/ADMIN/Documents/GitHub/e_commerce_mini/e-commerce-backend/src/main/java/com/ecommerce/service/impl/AuthServiceImpl.java:[87,1] illegal start of expression
[ERROR] /C:/Users/ADMIN/Documents/GitHub/e_commerce_mini/e-commerce-backend/src/main/java/com/ecommerce/service/impl/AuthServiceImpl.java:[87,3] illegal start of expression
[ERROR] /C:/Users/ADMIN/Documents/GitHub/e_commerce_mini/e-commerce-backend/src/main/java/com/ecommerce/service/impl/AuthServiceImpl.java:[87,5] illegal start of expression
[ERROR] /C:/Users/ADMIN/Documents/GitHub/e_commerce_mini/e-commerce-backend/src/main/java/com/ecommerce/service/impl/AuthServiceImpl.java:[89,9] > expected
[ERROR] /C:/Users/ADMIN/Documents/GitHub/e_commerce_mini/e-commerce-backend/src/main/java/com/ecommerce/service/impl/AuthServiceImpl.java:[94,3] illegal start of expression
[ERROR] /C:/Users/ADMIN/Documents/GitHub/e_commerce_mini/e-commerce-backend/src/main/java/com/ecommerce/service/impl/AuthServiceImpl.java:[94,5] illegal start of expression
[ERROR] /C:/Users/ADMIN/Documents/GitHub/e_commerce_mini/e-commerce-backend/src/main/java/com/ecommerce/service/impl/AuthServiceImpl.java:[94,7] illegal start of expression
[ERROR] /C:/Users/ADMIN/Documents/GitHub/e_commerce_mini/e-commerce-backend/src/main/java/com/ecommerce/service/impl/AuthServiceImpl.java:[101,4] illegal start of expression
[ERROR] /C:/Users/ADMIN/Documents/GitHub/e_commerce_mini/e-commerce-backend/src/main/java/com/ecommerce/service/impl/AuthServiceImpl.java:[101,7] illegal start of expression
[ERROR] /C:/Users/ADMIN/Documents/GitHub/e_commerce_mini/e-commerce-backend/src/main/java/com/ecommerce/service/impl/AuthServiceImpl.java:[107,3] illegal start of expression
[ERROR] /C:/Users/ADMIN/Documents/GitHub/e_commerce_mini/e-commerce-backend/src/main/java/com/ecommerce/service/impl/AuthServiceImpl.java:[107,5] illegal start of expression
[ERROR] /C:/Users/ADMIN/Documents/GitHub/e_commerce_mini/e-commerce-backend/src/main/java/com/ecommerce/service/impl/AuthServiceImpl.java:[108,27] > expected
[ERROR] /C:/Users/ADMIN/Documents/GitHub/e_commerce_mini/e-commerce-backend/src/main/java/com/ecommerce/service/impl/AuthServiceImpl.java:[108,47] ';' expected
[ERROR] /C:/Users/ADMIN/Documents/GitHub/e_commerce_mini/e-commerce-backend/src/main/java/com/ecommerce/service/impl/AuthServiceImpl.java:[121,1] illegal start of expression
[ERROR] /C:/Users/ADMIN/Documents/GitHub/e_commerce_mini/e-commerce-backend/src/main/java/com/ecommerce/service/impl/AuthServiceImpl.java:[121,3] illegal start of expression
[ERROR] /C:/Users/ADMIN/Documents/GitHub/e_commerce_mini/e-commerce-backend/src/main/java/com/ecommerce/service/impl/AuthServiceImpl.java:[121,5] illegal start of expression
[ERROR] /C:/Users/ADMIN/Documents/GitHub/e_commerce_mini/e-commerce-backend/src/main/java/com/ecommerce/service/impl/AuthServiceImpl.java:[121,7] illegal start of expression
[ERROR] /C:/Users/ADMIN/Documents/GitHub/e_commerce_mini/e-commerce-backend/src/main/java/com/ecommerce/service/impl/AuthServiceImpl.java:[122,17] illegal start of expression
[ERROR] /C:/Users/ADMIN/Documents/GitHub/e_commerce_mini/e-commerce-backend/src/main/java/com/ecommerce/service/impl/AuthServiceImpl.java:[125,1] illegal start of expression
[ERROR] /C:/Users/ADMIN/Documents/GitHub/e_commerce_mini/e-commerce-backend/src/main/java/com/ecommerce/service/impl/AuthServiceImpl.java:[125,4] illegal start of expression
[ERROR] /C:/Users/ADMIN/Documents/GitHub/e_commerce_mini/e-commerce-backend/src/main/java/com/ecommerce/service/impl/AuthServiceImpl.java:[125,7] illegal start of expression
[ERROR] /C:/Users/ADMIN/Documents/GitHub/e_commerce_mini/e-commerce-backend/src/main/java/com/ecommerce/service/impl/AuthServiceImpl.java:[125,41] ';' expected
[ERROR] /C:/Users/ADMIN/Documents/GitHub/e_commerce_mini/e-commerce-backend/src/main/java/com/ecommerce/controller/PointController.java:[3,1] class, interface, enum, or record expected
[ERROR] /C:/Users/ADMIN/Documents/GitHub/e_commerce_mini/e-commerce-backend/src/main/java/com/ecommerce/controller/PointController.java:[37,1] illegal start of type
[ERROR] /C:/Users/ADMIN/Documents/GitHub/e_commerce_mini/e-commerce-backend/src/main/java/com/ecommerce/controller/PointController.java:[39,1] illegal start of type
[ERROR] /C:/Users/ADMIN/Documents/GitHub/e_commerce_mini/e-commerce-backend/src/main/java/com/ecommerce/controller/PointController.java:[39,16] <identifier> expected
[ERROR] /C:/Users/ADMIN/Documents/GitHub/e_commerce_mini/e-commerce-backend/src/main/java/com/ecommerce/controller/PointController.java:[39,21] <identifier> expected
[ERROR] /C:/Users/ADMIN/Documents/GitHub/e_commerce_mini/e-commerce-backend/src/main/java/com/ecommerce/controller/PointController.java:[39,30] <identifier> expected
[ERROR] /C:/Users/ADMIN/Documents/GitHub/e_commerce_mini/e-commerce-backend/src/main/java/com/ecommerce/controller/PointController.java:[39,41] <identifier> expected
[ERROR] /C:/Users/ADMIN/Documents/GitHub/e_commerce_mini/e-commerce-backend/src/main/java/com/ecommerce/controller/PointController.java:[40,2] reached end of file while parsing
[ERROR] /C:/Users/ADMIN/Documents/GitHub/e_commerce_mini/e-commerce-backend/src/main/java/com/ecommerce/controller/ReviewController.java:[3,1] class, interface, enum, or record expected
[ERROR] /C:/Users/ADMIN/Documents/GitHub/e_commerce_mini/e-commerce-backend/src/main/java/com/ecommerce/controller/ReviewController.java:[50,1] illegal start of type
[ERROR] /C:/Users/ADMIN/Documents/GitHub/e_commerce_mini/e-commerce-backend/src/main/java/com/ecommerce/controller/ReviewController.java:[52,1] illegal start of type
[ERROR] /C:/Users/ADMIN/Documents/GitHub/e_commerce_mini/e-commerce-backend/src/main/java/com/ecommerce/controller/ReviewController.java:[52,16] <identifier> expected
[ERROR] /C:/Users/ADMIN/Documents/GitHub/e_commerce_mini/e-commerce-backend/src/main/java/com/ecommerce/controller/ReviewController.java:[52,21] <identifier> expected
[ERROR] /C:/Users/ADMIN/Documents/GitHub/e_commerce_mini/e-commerce-backend/src/main/java/com/ecommerce/controller/ReviewController.java:[52,30] <identifier> expected
[ERROR] /C:/Users/ADMIN/Documents/GitHub/e_commerce_mini/e-commerce-backend/src/main/java/com/ecommerce/controller/ReviewController.java:[52,41] <identifier> expected
[ERROR] /C:/Users/ADMIN/Documents/GitHub/e_commerce_mini/e-commerce-backend/src/main/java/com/ecommerce/controller/ReviewController.java:[53,2] reached end of file while parsing
[ERROR] /C:/Users/ADMIN/Documents/GitHub/e_commerce_mini/e-commerce-backend/src/main/java/com/ecommerce/service/PointService.java:[3,1] class, interface, enum, or record expected
[ERROR] /C:/Users/ADMIN/Documents/GitHub/e_commerce_mini/e-commerce-backend/src/main/java/com/ecommerce/service/PointService.java:[143,1] illegal start of type
[ERROR] /C:/Users/ADMIN/Documents/GitHub/e_commerce_mini/e-commerce-backend/src/main/java/com/ecommerce/service/PointService.java:[145,1] illegal start of type
[ERROR] /C:/Users/ADMIN/Documents/GitHub/e_commerce_mini/e-commerce-backend/src/main/java/com/ecommerce/service/PointService.java:[145,16] <identifier> expected
[ERROR] /C:/Users/ADMIN/Documents/GitHub/e_commerce_mini/e-commerce-backend/src/main/java/com/ecommerce/service/PointService.java:[145,21] <identifier> expected
[ERROR] /C:/Users/ADMIN/Documents/GitHub/e_commerce_mini/e-commerce-backend/src/main/java/com/ecommerce/service/PointService.java:[145,30] <identifier> expected
[ERROR] /C:/Users/ADMIN/Documents/GitHub/e_commerce_mini/e-commerce-backend/src/main/java/com/ecommerce/service/PointService.java:[145,41] <identifier> expected
[ERROR] /C:/Users/ADMIN/Documents/GitHub/e_commerce_mini/e-commerce-backend/src/main/java/com/ecommerce/service/PointService.java:[146,1] = expected
[ERROR] /C:/Users/ADMIN/Documents/GitHub/e_commerce_mini/e-commerce-backend/src/main/java/com/ecommerce/service/PointService.java:[146,2] reached end of file while parsing
[ERROR] /C:/Users/ADMIN/Documents/GitHub/e_commerce_mini/e-commerce-backend/src/main/java/com/ecommerce/service/WishlistService.java:[3,1] class, interface, enum, or record expected
[ERROR] /C:/Users/ADMIN/Documents/GitHub/e_commerce_mini/e-commerce-backend/src/main/java/com/ecommerce/service/WishlistService.java:[79,1] illegal start of type
[ERROR] /C:/Users/ADMIN/Documents/GitHub/e_commerce_mini/e-commerce-backend/src/main/java/com/ecommerce/service/WishlistService.java:[81,1] illegal start of type
[ERROR] /C:/Users/ADMIN/Documents/GitHub/e_commerce_mini/e-commerce-backend/src/main/java/com/ecommerce/service/WishlistService.java:[81,16] <identifier> expected
[ERROR] /C:/Users/ADMIN/Documents/GitHub/e_commerce_mini/e-commerce-backend/src/main/java/com/ecommerce/service/WishlistService.java:[81,21] <identifier> expected
[ERROR] /C:/Users/ADMIN/Documents/GitHub/e_commerce_mini/e-commerce-backend/src/main/java/com/ecommerce/service/WishlistService.java:[81,30] <identifier> expected
[ERROR] /C:/Users/ADMIN/Documents/GitHub/e_commerce_mini/e-commerce-backend/src/main/java/com/ecommerce/service/WishlistService.java:[81,41] <identifier> expected
[ERROR] /C:/Users/ADMIN/Documents/GitHub/e_commerce_mini/e-commerce-backend/src/main/java/com/ecommerce/service/WishlistService.java:[82,1] = expected
[ERROR] /C:/Users/ADMIN/Documents/GitHub/e_commerce_mini/e-commerce-backend/src/main/java/com/ecommerce/service/WishlistService.java:[82,2] reached end of file while parsing
[INFO] 73 errors 
[INFO] -------------------------------------------------------------
[INFO] ------------------------------------------------------------------------
[INFO] BUILD FAILURE
[INFO] ------------------------------------------------------------------------
[INFO] Total time:  2.138 s
[INFO] Finished at: 2026-04-03T21:16:26+07:00
[INFO] ------------------------------------------------------------------------
[ERROR] Failed to execute goal org.apache.maven.plugins:maven-compiler-plugin:3.11.0:compile (default-compile) on project e-commerce-backend: Compilation failure: Compilation failure: 
[ERROR] /C:/Users/ADMIN/Documents/GitHub/e_commerce_mini/e-commerce-backend/src/main/java/com/ecommerce/controller/NotificationController.java:[3,1] class, interface, enum, or record expected
[ERROR] /C:/Users/ADMIN/Documents/GitHub/e_commerce_mini/e-commerce-backend/src/main/java/com/ecommerce/controller/NotificationController.java:[44,1] illegal start of type
[ERROR] /C:/Users/ADMIN/Documents/GitHub/e_commerce_mini/e-commerce-backend/src/main/java/com/ecommerce/controller/NotificationController.java:[46,1] illegal start of type
[ERROR] /C:/Users/ADMIN/Documents/GitHub/e_commerce_mini/e-commerce-backend/src/main/java/com/ecommerce/controller/NotificationController.java:[46,16] <identifier> expected
[ERROR] /C:/Users/ADMIN/Documents/GitHub/e_commerce_mini/e-commerce-backend/src/main/java/com/ecommerce/controller/NotificationController.java:[46,21] <identifier> expected
[ERROR] /C:/Users/ADMIN/Documents/GitHub/e_commerce_mini/e-commerce-backend/src/main/java/com/ecommerce/controller/NotificationController.java:[46,30] <identifier> expected
[ERROR] /C:/Users/ADMIN/Documents/GitHub/e_commerce_mini/e-commerce-backend/src/main/java/com/ecommerce/controller/NotificationController.java:[46,41] <identifier> expected
[ERROR] /C:/Users/ADMIN/Documents/GitHub/e_commerce_mini/e-commerce-backend/src/main/java/com/ecommerce/controller/NotificationController.java:[47,2] reached end of file while parsing
[ERROR] /C:/Users/ADMIN/Documents/GitHub/e_commerce_mini/e-commerce-backend/src/main/java/com/ecommerce/service/NotificationService.java:[3,1] class, interface, enum, or record expected
[ERROR] /C:/Users/ADMIN/Documents/GitHub/e_commerce_mini/e-commerce-backend/src/main/java/com/ecommerce/service/NotificationService.java:[77,1] illegal start of type
[ERROR] /C:/Users/ADMIN/Documents/GitHub/e_commerce_mini/e-commerce-backend/src/main/java/com/ecommerce/service/NotificationService.java:[79,1] illegal start of type
[ERROR] /C:/Users/ADMIN/Documents/GitHub/e_commerce_mini/e-commerce-backend/src/main/java/com/ecommerce/service/NotificationService.java:[79,16] <identifier> expected
[ERROR] /C:/Users/ADMIN/Documents/GitHub/e_commerce_mini/e-commerce-backend/src/main/java/com/ecommerce/service/NotificationService.java:[79,21] <identifier> expected
[ERROR] /C:/Users/ADMIN/Documents/GitHub/e_commerce_mini/e-commerce-backend/src/main/java/com/ecommerce/service/NotificationService.java:[79,30] <identifier> expected
[ERROR] /C:/Users/ADMIN/Documents/GitHub/e_commerce_mini/e-commerce-backend/src/main/java/com/ecommerce/service/NotificationService.java:[79,41] <identifier> expected
[ERROR] /C:/Users/ADMIN/Documents/GitHub/e_commerce_mini/e-commerce-backend/src/main/java/com/ecommerce/service/NotificationService.java:[80,1] = expected
[ERROR] /C:/Users/ADMIN/Documents/GitHub/e_commerce_mini/e-commerce-backend/src/main/java/com/ecommerce/service/NotificationService.java:[80,2] reached end of file while parsing
[ERROR] /C:/Users/ADMIN/Documents/GitHub/e_commerce_mini/e-commerce-backend/src/main/java/com/ecommerce/service/impl/AuthServiceImpl.java:[87,1] illegal start of expression
[ERROR] /C:/Users/ADMIN/Documents/GitHub/e_commerce_mini/e-commerce-backend/src/main/java/com/ecommerce/service/impl/AuthServiceImpl.java:[87,3] illegal start of expression
[ERROR] /C:/Users/ADMIN/Documents/GitHub/e_commerce_mini/e-commerce-backend/src/main/java/com/ecommerce/service/impl/AuthServiceImpl.java:[87,5] illegal start of expression
[ERROR] /C:/Users/ADMIN/Documents/GitHub/e_commerce_mini/e-commerce-backend/src/main/java/com/ecommerce/service/impl/AuthServiceImpl.java:[89,9] > expected
[ERROR] /C:/Users/ADMIN/Documents/GitHub/e_commerce_mini/e-commerce-backend/src/main/java/com/ecommerce/service/impl/AuthServiceImpl.java:[94,3] illegal start of expression
[ERROR] /C:/Users/ADMIN/Documents/GitHub/e_commerce_mini/e-commerce-backend/src/main/java/com/ecommerce/service/impl/AuthServiceImpl.java:[94,5] illegal start of expression
[ERROR] /C:/Users/ADMIN/Documents/GitHub/e_commerce_mini/e-commerce-backend/src/main/java/com/ecommerce/service/impl/AuthServiceImpl.java:[94,7] illegal start of expression
[ERROR] /C:/Users/ADMIN/Documents/GitHub/e_commerce_mini/e-commerce-backend/src/main/java/com/ecommerce/service/impl/AuthServiceImpl.java:[101,4] illegal start of expression
[ERROR] /C:/Users/ADMIN/Documents/GitHub/e_commerce_mini/e-commerce-backend/src/main/java/com/ecommerce/service/impl/AuthServiceImpl.java:[101,7] illegal start of expression
[ERROR] /C:/Users/ADMIN/Documents/GitHub/e_commerce_mini/e-commerce-backend/src/main/java/com/ecommerce/service/impl/AuthServiceImpl.java:[107,3] illegal start of expression
[ERROR] /C:/Users/ADMIN/Documents/GitHub/e_commerce_mini/e-commerce-backend/src/main/java/com/ecommerce/service/impl/AuthServiceImpl.java:[107,5] illegal start of expression
[ERROR] /C:/Users/ADMIN/Documents/GitHub/e_commerce_mini/e-commerce-backend/src/main/java/com/ecommerce/service/impl/AuthServiceImpl.java:[108,27] > expected
[ERROR] /C:/Users/ADMIN/Documents/GitHub/e_commerce_mini/e-commerce-backend/src/main/java/com/ecommerce/service/impl/AuthServiceImpl.java:[108,47] ';' expected
[ERROR] /C:/Users/ADMIN/Documents/GitHub/e_commerce_mini/e-commerce-backend/src/main/java/com/ecommerce/service/impl/AuthServiceImpl.java:[121,1] illegal start of expression
[ERROR] /C:/Users/ADMIN/Documents/GitHub/e_commerce_mini/e-commerce-backend/src/main/java/com/ecommerce/service/impl/AuthServiceImpl.java:[121,3] illegal start of expression
[ERROR] /C:/Users/ADMIN/Documents/GitHub/e_commerce_mini/e-commerce-backend/src/main/java/com/ecommerce/service/impl/AuthServiceImpl.java:[121,5] illegal start of expression
[ERROR] /C:/Users/ADMIN/Documents/GitHub/e_commerce_mini/e-commerce-backend/src/main/java/com/ecommerce/service/impl/AuthServiceImpl.java:[121,7] illegal start of expression
[ERROR] /C:/Users/ADMIN/Documents/GitHub/e_commerce_mini/e-commerce-backend/src/main/java/com/ecommerce/service/impl/AuthServiceImpl.java:[122,17] illegal start of expression
[ERROR] /C:/Users/ADMIN/Documents/GitHub/e_commerce_mini/e-commerce-backend/src/main/java/com/ecommerce/service/impl/AuthServiceImpl.java:[125,1] illegal start of expression
[ERROR] /C:/Users/ADMIN/Documents/GitHub/e_commerce_mini/e-commerce-backend/src/main/java/com/ecommerce/service/impl/AuthServiceImpl.java:[125,4] illegal start of expression
[ERROR] /C:/Users/ADMIN/Documents/GitHub/e_commerce_mini/e-commerce-backend/src/main/java/com/ecommerce/service/impl/AuthServiceImpl.java:[125,7] illegal start of expression
[ERROR] /C:/Users/ADMIN/Documents/GitHub/e_commerce_mini/e-commerce-backend/src/main/java/com/ecommerce/service/impl/AuthServiceImpl.java:[125,41] ';' expected
[ERROR] /C:/Users/ADMIN/Documents/GitHub/e_commerce_mini/e-commerce-backend/src/main/java/com/ecommerce/controller/PointController.java:[3,1] class, interface, enum, or record expected
[ERROR] /C:/Users/ADMIN/Documents/GitHub/e_commerce_mini/e-commerce-backend/src/main/java/com/ecommerce/controller/PointController.java:[37,1] illegal start of type
[ERROR] /C:/Users/ADMIN/Documents/GitHub/e_commerce_mini/e-commerce-backend/src/main/java/com/ecommerce/controller/PointController.java:[39,1] illegal start of type
[ERROR] /C:/Users/ADMIN/Documents/GitHub/e_commerce_mini/e-commerce-backend/src/main/java/com/ecommerce/controller/PointController.java:[39,16] <identifier> expected
[ERROR] /C:/Users/ADMIN/Documents/GitHub/e_commerce_mini/e-commerce-backend/src/main/java/com/ecommerce/controller/PointController.java:[39,21] <identifier> expected
[ERROR] /C:/Users/ADMIN/Documents/GitHub/e_commerce_mini/e-commerce-backend/src/main/java/com/ecommerce/controller/PointController.java:[39,30] <identifier> expected
[ERROR] /C:/Users/ADMIN/Documents/GitHub/e_commerce_mini/e-commerce-backend/src/main/java/com/ecommerce/controller/PointController.java:[39,41] <identifier> expected
[ERROR] /C:/Users/ADMIN/Documents/GitHub/e_commerce_mini/e-commerce-backend/src/main/java/com/ecommerce/controller/PointController.java:[40,2] reached end of file while parsing
[ERROR] /C:/Users/ADMIN/Documents/GitHub/e_commerce_mini/e-commerce-backend/src/main/java/com/ecommerce/controller/ReviewController.java:[3,1] class, interface, enum, or record expected
[ERROR] /C:/Users/ADMIN/Documents/GitHub/e_commerce_mini/e-commerce-backend/src/main/java/com/ecommerce/controller/ReviewController.java:[50,1] illegal start of type
[ERROR] /C:/Users/ADMIN/Documents/GitHub/e_commerce_mini/e-commerce-backend/src/main/java/com/ecommerce/controller/ReviewController.java:[52,1] illegal start of type
[ERROR] /C:/Users/ADMIN/Documents/GitHub/e_commerce_mini/e-commerce-backend/src/main/java/com/ecommerce/controller/ReviewController.java:[52,16] <identifier> expected
[ERROR] /C:/Users/ADMIN/Documents/GitHub/e_commerce_mini/e-commerce-backend/src/main/java/com/ecommerce/controller/ReviewController.java:[52,21] <identifier> expected
[ERROR] /C:/Users/ADMIN/Documents/GitHub/e_commerce_mini/e-commerce-backend/src/main/java/com/ecommerce/controller/ReviewController.java:[52,30] <identifier> expected
[ERROR] /C:/Users/ADMIN/Documents/GitHub/e_commerce_mini/e-commerce-backend/src/main/java/com/ecommerce/controller/ReviewController.java:[52,41] <identifier> expected
[ERROR] /C:/Users/ADMIN/Documents/GitHub/e_commerce_mini/e-commerce-backend/src/main/java/com/ecommerce/controller/ReviewController.java:[53,2] reached end of file while parsing
[ERROR] /C:/Users/ADMIN/Documents/GitHub/e_commerce_mini/e-commerce-backend/src/main/java/com/ecommerce/service/PointService.java:[3,1] class, interface, enum, or record expected
[ERROR] /C:/Users/ADMIN/Documents/GitHub/e_commerce_mini/e-commerce-backend/src/main/java/com/ecommerce/service/PointService.java:[143,1] illegal start of type
[ERROR] /C:/Users/ADMIN/Documents/GitHub/e_commerce_mini/e-commerce-backend/src/main/java/com/ecommerce/service/PointService.java:[145,1] illegal start of type
[ERROR] /C:/Users/ADMIN/Documents/GitHub/e_commerce_mini/e-commerce-backend/src/main/java/com/ecommerce/service/PointService.java:[145,16] <identifier> expected
[ERROR] /C:/Users/ADMIN/Documents/GitHub/e_commerce_mini/e-commerce-backend/src/main/java/com/ecommerce/service/PointService.java:[145,21] <identifier> expected
[ERROR] /C:/Users/ADMIN/Documents/GitHub/e_commerce_mini/e-commerce-backend/src/main/java/com/ecommerce/service/PointService.java:[145,30] <identifier> expected
[ERROR] /C:/Users/ADMIN/Documents/GitHub/e_commerce_mini/e-commerce-backend/src/main/java/com/ecommerce/service/PointService.java:[145,41] <identifier> expected
[ERROR] /C:/Users/ADMIN/Documents/GitHub/e_commerce_mini/e-commerce-backend/src/main/java/com/ecommerce/service/PointService.java:[146,1] = expected
[ERROR] /C:/Users/ADMIN/Documents/GitHub/e_commerce_mini/e-commerce-backend/src/main/java/com/ecommerce/service/PointService.java:[146,2] reached end of file while parsing
[ERROR] /C:/Users/ADMIN/Documents/GitHub/e_commerce_mini/e-commerce-backend/src/main/java/com/ecommerce/service/WishlistService.java:[3,1] class, interface, enum, or record expected
[ERROR] /C:/Users/ADMIN/Documents/GitHub/e_commerce_mini/e-commerce-backend/src/main/java/com/ecommerce/service/WishlistService.java:[79,1] illegal start of type
[ERROR] /C:/Users/ADMIN/Documents/GitHub/e_commerce_mini/e-commerce-backend/src/main/java/com/ecommerce/service/WishlistService.java:[81,1] illegal start of type
[ERROR] /C:/Users/ADMIN/Documents/GitHub/e_commerce_mini/e-commerce-backend/src/main/java/com/ecommerce/service/WishlistService.java:[81,16] <identifier> expected
[ERROR] /C:/Users/ADMIN/Documents/GitHub/e_commerce_mini/e-commerce-backend/src/main/java/com/ecommerce/service/WishlistService.java:[81,21] <identifier> expected
[ERROR] /C:/Users/ADMIN/Documents/GitHub/e_commerce_mini/e-commerce-backend/src/main/java/com/ecommerce/service/WishlistService.java:[81,30] <identifier> expected
[ERROR] /C:/Users/ADMIN/Documents/GitHub/e_commerce_mini/e-commerce-backend/src/main/java/com/ecommerce/service/WishlistService.java:[81,41] <identifier> expected
[ERROR] /C:/Users/ADMIN/Documents/GitHub/e_commerce_mini/e-commerce-backend/src/main/java/com/ecommerce/service/WishlistService.java:[82,1] = expected
[ERROR] /C:/Users/ADMIN/Documents/GitHub/e_commerce_mini/e-commerce-backend/src/main/java/com/ecommerce/service/WishlistService.java:[82,2] reached end of file while parsing
[ERROR] -> [Help 1]
[ERROR] 
[ERROR] To see the full stack trace of the errors, re-run Maven with the -e switch.
[ERROR] Re-run Maven using the -X switch to enable full debug logging.
[ERROR] 
[ERROR] For more information about the errors and possible solutions, please read the following articles:
[ERROR] [Help 1] http://cwiki.apache.org/confluence/display/MAVEN/MojoFailureException
