[ERROR] COMPILATION ERROR :
[ERROR] /C:/Users/ADMIN/Documents/GitHub/e_commerce_mini/e-commerce-backend/src/main/java/com/ecommerce/controller/OrderController.java:[6,40] cannot find symbol
[ERROR] /C:/Users/ADMIN/Documents/GitHub/e_commerce_mini/e-commerce-backend/src/main/java/com/ecommerce/controller/OrderController.java:[7,40] cannot find symbol
[ERROR] /C:/Users/ADMIN/Documents/GitHub/e_commerce_mini/e-commerce-backend/src/main/java/com/ecommerce/controller/OrderController.java:[8,40] cannot find symbol
[ERROR] /C:/Users/ADMIN/Documents/GitHub/e_commerce_mini/e-commerce-backend/src/main/java/com/ecommerce/controller/OrderController.java:[40,39] cannot find symbol
[ERROR] /C:/Users/ADMIN/Documents/GitHub/e_commerce_mini/e-commerce-backend/src/main/java/com/ecommerce/controller/OrderController.java:[63,39] cannot find symbol
[ERROR] /C:/Users/ADMIN/Documents/GitHub/e_commerce_mini/e-commerce-backend/src/main/java/com/ecommerce/controller/OrderController.java:[85,44] cannot find symbol
[ERROR] /C:/Users/ADMIN/Documents/GitHub/e_commerce_mini/e-commerce-backend/src/main/java/com/ecommerce/controller/OrderController.java:[110,39] cannot find symbol
[ERROR] /C:/Users/ADMIN/Documents/GitHub/e_commerce_mini/e-commerce-backend/src/main/java/com/ecommerce/controller/OrderController.java:[135,44] cannot find symbol
[ERROR] /C:/Users/ADMIN/Documents/GitHub/e_commerce_mini/e-commerce-backend/src/main/java/com/ecommerce/controller/OrderController.java:[163,39] cannot find symbol
[ERROR] /C:/Users/ADMIN/Documents/GitHub/e_commerce_mini/e-commerce-backend/src/main/java/com/ecommerce/controller/OrderController.java:[188,39] cannot find symbol
[ERROR] /C:/Users/ADMIN/Documents/GitHub/e_commerce_mini/e-commerce-backend/src/main/java/com/ecommerce/controller/OrderController.java:[212,39] cannot find symbol
[ERROR] /C:/Users/ADMIN/Documents/GitHub/e_commerce_mini/e-commerce-backend/src/main/java/com/ecommerce/controller/OrderController.java:[235,44] cannot find symbol
[ERROR] Failed to execute goal org.apache.maven.plugins:maven-compiler-plugin:3.11.0:compile (default-compile) on project e-commerce-backend: Compilation failure: Compilation failure:
[ERROR] /C:/Users/ADMIN/Documents/GitHub/e_commerce_mini/e-commerce-backend/src/main/java/com/ecommerce/controller/OrderController.java:[6,40] cannot find symbol
[ERROR]   symbol:   class OrderDetailResponse
[ERROR]   location: package com.ecommerce.dto.response.order
[ERROR] /C:/Users/ADMIN/Documents/GitHub/e_commerce_mini/e-commerce-backend/src/main/java/com/ecommerce/controller/OrderController.java:[7,40] cannot find symbol
[ERROR]   symbol:   class OrderListResponse
[ERROR]   location: package com.ecommerce.dto.response.order
[ERROR] /C:/Users/ADMIN/Documents/GitHub/e_commerce_mini/e-commerce-backend/src/main/java/com/ecommerce/controller/OrderController.java:[8,40] cannot find symbol
[ERROR]   symbol:   class OrderStatusHistoryResponse
[ERROR]   location: package com.ecommerce.dto.response.order
[ERROR] /C:/Users/ADMIN/Documents/GitHub/e_commerce_mini/e-commerce-backend/src/main/java/com/ecommerce/controller/OrderController.java:[40,39] cannot find symbol
[ERROR]   symbol:   class OrderDetailResponse
[ERROR]   location: class com.ecommerce.controller.OrderController
[ERROR] /C:/Users/ADMIN/Documents/GitHub/e_commerce_mini/e-commerce-backend/src/main/java/com/ecommerce/controller/OrderController.java:[63,39] cannot find symbol
[ERROR]   symbol:   class OrderDetailResponse
[ERROR]   location: class com.ecommerce.controller.OrderController
[ERROR] /C:/Users/ADMIN/Documents/GitHub/e_commerce_mini/e-commerce-backend/src/main/java/com/ecommerce/controller/OrderController.java:[85,44] cannot find symbol
[ERROR]   symbol:   class OrderListResponse
[ERROR]   location: class com.ecommerce.controller.OrderController
[ERROR] /C:/Users/ADMIN/Documents/GitHub/e_commerce_mini/e-commerce-backend/src/main/java/com/ecommerce/controller/OrderController.java:[110,39] cannot find symbol
[ERROR]   symbol:   class OrderDetailResponse
[ERROR]   location: class com.ecommerce.controller.OrderController
[ERROR] /C:/Users/ADMIN/Documents/GitHub/e_commerce_mini/e-commerce-backend/src/main/java/com/ecommerce/controller/OrderController.java:[135,44] cannot find symbol
[ERROR]   symbol:   class OrderListResponse
[ERROR]   location: class com.ecommerce.controller.OrderController
[ERROR] /C:/Users/ADMIN/Documents/GitHub/e_commerce_mini/e-commerce-backend/src/main/java/com/ecommerce/controller/OrderController.java:[163,39] cannot find symbol
[ERROR]   symbol:   class OrderDetailResponse
[ERROR]   location: class com.ecommerce.controller.OrderController
[ERROR] /C:/Users/ADMIN/Documents/GitHub/e_commerce_mini/e-commerce-backend/src/main/java/com/ecommerce/controller/OrderController.java:[188,39] cannot find symbol
[ERROR]   symbol:   class OrderDetailResponse
[ERROR]   location: class com.ecommerce.controller.OrderController
[ERROR] /C:/Users/ADMIN/Documents/GitHub/e_commerce_mini/e-commerce-backend/src/main/java/com/ecommerce/controller/OrderController.java:[212,39] cannot find symbol
[ERROR]   symbol:   class OrderDetailResponse
[ERROR]   location: class com.ecommerce.controller.OrderController
[ERROR] /C:/Users/ADMIN/Documents/GitHub/e_commerce_mini/e-commerce-backend/src/main/java/com/ecommerce/controller/OrderController.java:[235,44] cannot find symbol
[ERROR]   symbol:   class OrderStatusHistoryResponse
[ERROR]   location: class com.ecommerce.controller.OrderController
[ERROR] -> [Help 1]
[ERROR]
[ERROR] To see the full stack trace of the errors, re-run Maven with the -e switch.
[ERROR] Re-run Maven using the -X switch to enable full debug logging.
[ERROR]
[ERROR] For more information about the errors and possible solutions, please read the following articles:
[ERROR] [Help 1] http://cwiki.apache.org/confluence/display/MAVEN/MojoFailureException